// Jest Snapshot v1, https://goo.gl/fbAQLP

exports[`matches snapshot 1`] = `
<DocumentFragment>
  <section>
    <div>
      <div>
        <div>
          <form>
            <div>
              <label
                for="height"
              >
                Height
              </label>
              <input
                id="height"
                name="height"
                type="text"
                value=""
              />
            </div>
            <div>
              <label
                for="width"
              >
                Width
              </label>
              <input
                id="width"
                name="width"
                type="text"
                value=""
              />
            </div>
            <div>
              <label
                for="backgroundColor"
              >
                Background Color
              </label>
              <input
                id="backgroundColor"
                name="backgroundColor"
                type="text"
                value=""
              />
            </div>
            <button
              id="newBoxButton"
            >
              Add a new box!
            </button>
          </form>
        </div>
      </div>
    </div>
    <div>
      <div>
        <div>
          <form>
            <label
              for="task"
            >
              Task:
            </label>
            <input
              id="task"
              name="task"
              type="text"
              value=""
            />
            <button>
              Add a ToDo!
            </button>
          </form>
        </div>
        <ul />
      </div>
    </div>
  </section>
</DocumentFragment>
`;
